// Jest Snapshot v1, https://goo.gl/fbAQLP

exports[`App component renders the App-component 1`] = `ShallowWrapper {}`;
